     1                                 %line 1+1 first/first.s
     2                                 
     3                                 
     4                                 
     5                                 
     6                                 
     7                                 
     8                                 
     9                                 
    10                                 
    11                                 
    12                                 
    13                                 
    14                                 [segment .text]
    15                                 
    16                                 
    17                                 [global _start]
    18                                 
    19                                 
    20                                 
    21                                 
    22                                 _start:
    23                                 
    24                                 
    25                                 
    26                                 
    27                                 
    28                                 
    29 00000000 48C7C03C000000          mov rax, 60
    30 00000007 48C7C706000000          mov rdi, 6
    31 0000000E 0F05                    syscall
